// Jest Snapshot v1, https://goo.gl/fbAQLP

exports[`<Generations/> snapshot renders correctly 1`] = `
<div
  className="generations"
>
  Generation: 
  <span>
    3
  </span>
</div>
`;
